2025-10-29T19:58:48.267+07:00  INFO 34732 --- [SpringRestAPIHasDTODemo] [restartedMain] i.f.s.SpringRestApiHasDtoDemoApplication : Starting SpringRestApiHasDtoDemoApplication using Java 23.0.1 with PID 34732 (D:\FINAL ROUND\WWW Java\WWW_Java\SpringRestAPIHasDTODemo\SpringRestAPIHasDTODemo\target\classes started by kioma in D:\FINAL ROUND\WWW Java\WWW_Java\SpringRestAPIHasDTODemo\SpringRestAPIHasDTODemo)
2025-10-29T19:58:48.277+07:00  INFO 34732 --- [SpringRestAPIHasDTODemo] [restartedMain] i.f.s.SpringRestApiHasDtoDemoApplication : No active profile set, falling back to 1 default profile: "default"
2025-10-29T19:58:48.346+07:00  INFO 34732 --- [SpringRestAPIHasDTODemo] [restartedMain] .e.DevToolsPropertyDefaultsPostProcessor : Devtools property defaults active! Set 'spring.devtools.add-properties' to 'false' to disable
2025-10-29T19:58:48.347+07:00  INFO 34732 --- [SpringRestAPIHasDTODemo] [restartedMain] .e.DevToolsPropertyDefaultsPostProcessor : For additional web related logging consider setting the 'logging.level.web' property to 'DEBUG'
2025-10-29T19:58:49.302+07:00  INFO 34732 --- [SpringRestAPIHasDTODemo] [restartedMain] .s.d.r.c.RepositoryConfigurationDelegate : Bootstrapping Spring Data JPA repositories in DEFAULT mode.
2025-10-29T19:58:49.366+07:00  INFO 34732 --- [SpringRestAPIHasDTODemo] [restartedMain] .s.d.r.c.RepositoryConfigurationDelegate : Finished Spring Data repository scanning in 55 ms. Found 2 JPA repository interfaces.
2025-10-29T19:58:49.965+07:00  INFO 34732 --- [SpringRestAPIHasDTODemo] [restartedMain] o.s.b.w.embedded.tomcat.TomcatWebServer  : Tomcat initialized with port 8081 (http)
2025-10-29T19:58:49.978+07:00  INFO 34732 --- [SpringRestAPIHasDTODemo] [restartedMain] o.apache.catalina.core.StandardService   : Starting service [Tomcat]
2025-10-29T19:58:49.978+07:00  INFO 34732 --- [SpringRestAPIHasDTODemo] [restartedMain] o.apache.catalina.core.StandardEngine    : Starting Servlet engine: [Apache Tomcat/10.1.24]
2025-10-29T19:58:50.037+07:00  INFO 34732 --- [SpringRestAPIHasDTODemo] [restartedMain] o.a.c.c.C.[Tomcat].[localhost].[/api]    : Initializing Spring embedded WebApplicationContext
2025-10-29T19:58:50.037+07:00  INFO 34732 --- [SpringRestAPIHasDTODemo] [restartedMain] w.s.c.ServletWebServerApplicationContext : Root WebApplicationContext: initialization completed in 1689 ms
2025-10-29T19:58:50.590+07:00  INFO 34732 --- [SpringRestAPIHasDTODemo] [restartedMain] o.s.o.j.p.SpringPersistenceUnitInfo      : No LoadTimeWeaver setup: ignoring JPA class transformer
2025-10-29T19:58:50.619+07:00  INFO 34732 --- [SpringRestAPIHasDTODemo] [restartedMain] com.zaxxer.hikari.HikariDataSource       : HikariPool-1 - Starting...
2025-10-29T19:58:50.815+07:00  INFO 34732 --- [SpringRestAPIHasDTODemo] [restartedMain] com.zaxxer.hikari.pool.HikariPool        : HikariPool-1 - Added connection org.mariadb.jdbc.Connection@1b388189
2025-10-29T19:58:50.817+07:00  INFO 34732 --- [SpringRestAPIHasDTODemo] [restartedMain] com.zaxxer.hikari.HikariDataSource       : HikariPool-1 - Start completed.
2025-10-29T19:58:52.176+07:00  INFO 34732 --- [SpringRestAPIHasDTODemo] [restartedMain] j.LocalContainerEntityManagerFactoryBean : Initialized JPA EntityManagerFactory for persistence unit 'default'
2025-10-29T19:58:52.486+07:00  INFO 34732 --- [SpringRestAPIHasDTODemo] [restartedMain] o.s.d.j.r.query.QueryEnhancerFactory     : Hibernate is in classpath; If applicable, HQL parser will be used.
2025-10-29T19:58:53.193+07:00  WARN 34732 --- [SpringRestAPIHasDTODemo] [restartedMain] JpaBaseConfiguration$JpaWebConfiguration : spring.jpa.open-in-view is enabled by default. Therefore, database queries may be performed during view rendering. Explicitly configure spring.jpa.open-in-view to disable this warning
2025-10-29T19:58:53.303+07:00 DEBUG 34732 --- [SpringRestAPIHasDTODemo] [restartedMain] s.w.s.m.m.a.RequestMappingHandlerMapping : 12 mappings in 'requestMappingHandlerMapping'
2025-10-29T19:58:53.379+07:00 DEBUG 34732 --- [SpringRestAPIHasDTODemo] [restartedMain] o.s.w.s.handler.SimpleUrlHandlerMapping  : Patterns [/webjars/**, /**, /swagger-ui*/*swagger-initializer.js, /swagger-ui*/**] in 'resourceHandlerMapping'
2025-10-29T19:58:53.423+07:00 DEBUG 34732 --- [SpringRestAPIHasDTODemo] [restartedMain] s.w.s.m.m.a.RequestMappingHandlerAdapter : ControllerAdvice beans: 0 @ModelAttribute, 0 @InitBinder, 1 RequestBodyAdvice, 1 ResponseBodyAdvice
2025-10-29T19:58:53.467+07:00 DEBUG 34732 --- [SpringRestAPIHasDTODemo] [restartedMain] .m.m.a.ExceptionHandlerExceptionResolver : ControllerAdvice beans: 2 @ExceptionHandler, 1 ResponseBodyAdvice
2025-10-29T19:58:53.654+07:00  INFO 34732 --- [SpringRestAPIHasDTODemo] [restartedMain] o.s.b.d.a.OptionalLiveReloadServer       : LiveReload server is running on port 35729
2025-10-29T19:58:53.695+07:00  INFO 34732 --- [SpringRestAPIHasDTODemo] [restartedMain] o.s.b.w.embedded.tomcat.TomcatWebServer  : Tomcat started on port 8081 (http) with context path '/api'
2025-10-29T19:58:53.711+07:00  INFO 34732 --- [SpringRestAPIHasDTODemo] [restartedMain] i.f.s.SpringRestApiHasDtoDemoApplication : Started SpringRestApiHasDtoDemoApplication in 6.004 seconds (process running for 21.304)
2025-10-29T19:59:23.740+07:00  INFO 34732 --- [SpringRestAPIHasDTODemo] [SpringApplicationShutdownHook] j.LocalContainerEntityManagerFactoryBean : Closing JPA EntityManagerFactory for persistence unit 'default'
2025-10-29T19:59:23.747+07:00  INFO 34732 --- [SpringRestAPIHasDTODemo] [SpringApplicationShutdownHook] com.zaxxer.hikari.HikariDataSource       : HikariPool-1 - Shutdown initiated...
2025-10-29T19:59:23.785+07:00  INFO 34732 --- [SpringRestAPIHasDTODemo] [SpringApplicationShutdownHook] com.zaxxer.hikari.HikariDataSource       : HikariPool-1 - Shutdown completed.
