2025-10-29T20:00:03.530+07:00  INFO 34324 --- [SpringRestAPIHasDTODemo] [restartedMain] i.f.s.SpringRestApiHasDtoDemoApplication : Starting SpringRestApiHasDtoDemoApplication using Java 23.0.1 with PID 34324 (D:\FINAL ROUND\WWW Java\WWW_Java\DinhQuocKhanh_21096081_WWW_T9\SpringRestAPIHasDTODemo\target\classes started by kioma in D:\FINAL ROUND\WWW Java\WWW_Java\DinhQuocKhanh_21096081_WWW_T9\SpringRestAPIHasDTODemo)
2025-10-29T20:00:03.538+07:00  INFO 34324 --- [SpringRestAPIHasDTODemo] [restartedMain] i.f.s.SpringRestApiHasDtoDemoApplication : No active profile set, falling back to 1 default profile: "default"
2025-10-29T20:00:03.605+07:00  INFO 34324 --- [SpringRestAPIHasDTODemo] [restartedMain] .e.DevToolsPropertyDefaultsPostProcessor : Devtools property defaults active! Set 'spring.devtools.add-properties' to 'false' to disable
2025-10-29T20:00:03.613+07:00  INFO 34324 --- [SpringRestAPIHasDTODemo] [restartedMain] .e.DevToolsPropertyDefaultsPostProcessor : For additional web related logging consider setting the 'logging.level.web' property to 'DEBUG'
2025-10-29T20:00:04.430+07:00  INFO 34324 --- [SpringRestAPIHasDTODemo] [restartedMain] .s.d.r.c.RepositoryConfigurationDelegate : Bootstrapping Spring Data JPA repositories in DEFAULT mode.
2025-10-29T20:00:04.482+07:00  INFO 34324 --- [SpringRestAPIHasDTODemo] [restartedMain] .s.d.r.c.RepositoryConfigurationDelegate : Finished Spring Data repository scanning in 43 ms. Found 2 JPA repository interfaces.
2025-10-29T20:00:05.053+07:00  INFO 34324 --- [SpringRestAPIHasDTODemo] [restartedMain] o.s.b.w.embedded.tomcat.TomcatWebServer  : Tomcat initialized with port 8081 (http)
2025-10-29T20:00:05.066+07:00  INFO 34324 --- [SpringRestAPIHasDTODemo] [restartedMain] o.apache.catalina.core.StandardService   : Starting service [Tomcat]
2025-10-29T20:00:05.066+07:00  INFO 34324 --- [SpringRestAPIHasDTODemo] [restartedMain] o.apache.catalina.core.StandardEngine    : Starting Servlet engine: [Apache Tomcat/10.1.24]
2025-10-29T20:00:05.114+07:00  INFO 34324 --- [SpringRestAPIHasDTODemo] [restartedMain] o.a.c.c.C.[Tomcat].[localhost].[/api]    : Initializing Spring embedded WebApplicationContext
2025-10-29T20:00:05.116+07:00  INFO 34324 --- [SpringRestAPIHasDTODemo] [restartedMain] w.s.c.ServletWebServerApplicationContext : Root WebApplicationContext: initialization completed in 1502 ms
2025-10-29T20:00:05.571+07:00  INFO 34324 --- [SpringRestAPIHasDTODemo] [restartedMain] o.s.o.j.p.SpringPersistenceUnitInfo      : No LoadTimeWeaver setup: ignoring JPA class transformer
2025-10-29T20:00:05.593+07:00  INFO 34324 --- [SpringRestAPIHasDTODemo] [restartedMain] com.zaxxer.hikari.HikariDataSource       : HikariPool-1 - Starting...
2025-10-29T20:00:05.679+07:00  INFO 34324 --- [SpringRestAPIHasDTODemo] [restartedMain] com.zaxxer.hikari.pool.HikariPool        : HikariPool-1 - Added connection org.mariadb.jdbc.Connection@454c0aee
2025-10-29T20:00:05.680+07:00  INFO 34324 --- [SpringRestAPIHasDTODemo] [restartedMain] com.zaxxer.hikari.HikariDataSource       : HikariPool-1 - Start completed.
2025-10-29T20:00:06.803+07:00  INFO 34324 --- [SpringRestAPIHasDTODemo] [restartedMain] j.LocalContainerEntityManagerFactoryBean : Initialized JPA EntityManagerFactory for persistence unit 'default'
2025-10-29T20:00:07.125+07:00  INFO 34324 --- [SpringRestAPIHasDTODemo] [restartedMain] o.s.d.j.r.query.QueryEnhancerFactory     : Hibernate is in classpath; If applicable, HQL parser will be used.
2025-10-29T20:00:07.731+07:00  WARN 34324 --- [SpringRestAPIHasDTODemo] [restartedMain] JpaBaseConfiguration$JpaWebConfiguration : spring.jpa.open-in-view is enabled by default. Therefore, database queries may be performed during view rendering. Explicitly configure spring.jpa.open-in-view to disable this warning
2025-10-29T20:00:07.830+07:00 DEBUG 34324 --- [SpringRestAPIHasDTODemo] [restartedMain] s.w.s.m.m.a.RequestMappingHandlerMapping : 12 mappings in 'requestMappingHandlerMapping'
2025-10-29T20:00:07.908+07:00 DEBUG 34324 --- [SpringRestAPIHasDTODemo] [restartedMain] o.s.w.s.handler.SimpleUrlHandlerMapping  : Patterns [/webjars/**, /**, /swagger-ui*/*swagger-initializer.js, /swagger-ui*/**] in 'resourceHandlerMapping'
2025-10-29T20:00:07.944+07:00 DEBUG 34324 --- [SpringRestAPIHasDTODemo] [restartedMain] s.w.s.m.m.a.RequestMappingHandlerAdapter : ControllerAdvice beans: 0 @ModelAttribute, 0 @InitBinder, 1 RequestBodyAdvice, 1 ResponseBodyAdvice
2025-10-29T20:00:07.980+07:00 DEBUG 34324 --- [SpringRestAPIHasDTODemo] [restartedMain] .m.m.a.ExceptionHandlerExceptionResolver : ControllerAdvice beans: 2 @ExceptionHandler, 1 ResponseBodyAdvice
2025-10-29T20:00:08.169+07:00  INFO 34324 --- [SpringRestAPIHasDTODemo] [restartedMain] o.s.b.d.a.OptionalLiveReloadServer       : LiveReload server is running on port 35729
2025-10-29T20:00:08.211+07:00  INFO 34324 --- [SpringRestAPIHasDTODemo] [restartedMain] o.s.b.w.embedded.tomcat.TomcatWebServer  : Tomcat started on port 8081 (http) with context path '/api'
2025-10-29T20:00:08.221+07:00  INFO 34324 --- [SpringRestAPIHasDTODemo] [restartedMain] i.f.s.SpringRestApiHasDtoDemoApplication : Started SpringRestApiHasDtoDemoApplication in 5.182 seconds (process running for 5.952)
2025-10-29T20:04:31.439+07:00  INFO 34324 --- [SpringRestAPIHasDTODemo] [http-nio-8081-exec-1] o.a.c.c.C.[Tomcat].[localhost].[/api]    : Initializing Spring DispatcherServlet 'dispatcherServlet'
2025-10-29T20:04:31.441+07:00  INFO 34324 --- [SpringRestAPIHasDTODemo] [http-nio-8081-exec-1] o.s.web.servlet.DispatcherServlet        : Initializing Servlet 'dispatcherServlet'
2025-10-29T20:04:31.443+07:00 DEBUG 34324 --- [SpringRestAPIHasDTODemo] [http-nio-8081-exec-1] o.s.web.servlet.DispatcherServlet        : Detected StandardServletMultipartResolver
2025-10-29T20:04:31.444+07:00 DEBUG 34324 --- [SpringRestAPIHasDTODemo] [http-nio-8081-exec-1] o.s.web.servlet.DispatcherServlet        : Detected AcceptHeaderLocaleResolver
2025-10-29T20:04:31.445+07:00 DEBUG 34324 --- [SpringRestAPIHasDTODemo] [http-nio-8081-exec-1] o.s.web.servlet.DispatcherServlet        : Detected FixedThemeResolver
2025-10-29T20:04:31.454+07:00 DEBUG 34324 --- [SpringRestAPIHasDTODemo] [http-nio-8081-exec-1] o.s.web.servlet.DispatcherServlet        : Detected org.springframework.web.servlet.view.DefaultRequestToViewNameTranslator@7cd2576f
2025-10-29T20:04:31.454+07:00 DEBUG 34324 --- [SpringRestAPIHasDTODemo] [http-nio-8081-exec-1] o.s.web.servlet.DispatcherServlet        : Detected org.springframework.web.servlet.support.SessionFlashMapManager@2b69bba8
2025-10-29T20:04:31.455+07:00 DEBUG 34324 --- [SpringRestAPIHasDTODemo] [http-nio-8081-exec-1] o.s.web.servlet.DispatcherServlet        : enableLoggingRequestDetails='false': request parameters and headers will be masked to prevent unsafe logging of potentially sensitive data
2025-10-29T20:04:31.456+07:00  INFO 34324 --- [SpringRestAPIHasDTODemo] [http-nio-8081-exec-1] o.s.web.servlet.DispatcherServlet        : Completed initialization in 14 ms
2025-10-29T20:04:31.480+07:00 DEBUG 34324 --- [SpringRestAPIHasDTODemo] [http-nio-8081-exec-1] o.s.web.servlet.DispatcherServlet        : GET "/api/employee", parameters={}
2025-10-29T20:04:31.502+07:00 DEBUG 34324 --- [SpringRestAPIHasDTODemo] [http-nio-8081-exec-1] o.s.w.s.handler.SimpleUrlHandlerMapping  : Mapped to ResourceHttpRequestHandler [classpath [META-INF/resources/], classpath [resources/], classpath [static/], classpath [public/], ServletContext [/]]
2025-10-29T20:04:31.529+07:00 DEBUG 34324 --- [SpringRestAPIHasDTODemo] [http-nio-8081-exec-1] o.s.w.s.r.ResourceHttpRequestHandler     : Resource not found
2025-10-29T20:04:31.540+07:00 DEBUG 34324 --- [SpringRestAPIHasDTODemo] [http-nio-8081-exec-1] .m.m.a.ExceptionHandlerExceptionResolver : Using @ExceptionHandler iuh.fit.se.exceptions.GlobalExceptionHandler#handleException(Exception, WebRequest)
2025-10-29T20:04:31.699+07:00 DEBUG 34324 --- [SpringRestAPIHasDTODemo] [http-nio-8081-exec-1] o.s.w.s.m.m.a.HttpEntityMethodProcessor  : Using 'application/problem+json;q=0.8', given [text/html, application/xhtml+xml, image/avif, image/webp, image/apng, application/xml;q=0.9, */*;q=0.8] and supported [application/problem+json]
2025-10-29T20:04:31.711+07:00 DEBUG 34324 --- [SpringRestAPIHasDTODemo] [http-nio-8081-exec-1] o.s.w.s.m.m.a.HttpEntityMethodProcessor  : Writing [ProblemDetail[type='about:blank', title='Not Found', status=404, detail='No static resource employee (truncated)...]
2025-10-29T20:04:31.742+07:00  WARN 34324 --- [SpringRestAPIHasDTODemo] [http-nio-8081-exec-1] .m.m.a.ExceptionHandlerExceptionResolver : Resolved [org.springframework.web.servlet.resource.NoResourceFoundException: No static resource employee.]
2025-10-29T20:04:31.744+07:00 DEBUG 34324 --- [SpringRestAPIHasDTODemo] [http-nio-8081-exec-1] o.s.web.servlet.DispatcherServlet        : Completed 404 NOT_FOUND
2025-10-29T20:04:39.456+07:00 DEBUG 34324 --- [SpringRestAPIHasDTODemo] [http-nio-8081-exec-2] o.s.web.servlet.DispatcherServlet        : GET "/api/employees", parameters={}
2025-10-29T20:04:39.462+07:00 DEBUG 34324 --- [SpringRestAPIHasDTODemo] [http-nio-8081-exec-2] s.w.s.m.m.a.RequestMappingHandlerMapping : Mapped to iuh.fit.se.controllers.EmployeeController#getEmployees(String)
2025-10-29T20:04:39.782+07:00 DEBUG 34324 --- [SpringRestAPIHasDTODemo] [http-nio-8081-exec-2] o.s.w.s.m.m.a.HttpEntityMethodProcessor  : Using 'application/json;q=0.8', given [text/html, application/xhtml+xml, image/avif, image/webp, image/apng, application/xml;q=0.9, */*;q=0.8] and supported [application/json, application/*+json]
2025-10-29T20:04:39.782+07:00 DEBUG 34324 --- [SpringRestAPIHasDTODemo] [http-nio-8081-exec-2] o.s.w.s.m.m.a.HttpEntityMethodProcessor  : Writing [{status=200, data=[]}]
2025-10-29T20:04:39.790+07:00 DEBUG 34324 --- [SpringRestAPIHasDTODemo] [http-nio-8081-exec-2] o.s.web.servlet.DispatcherServlet        : Completed 200 OK
2025-10-29T20:05:23.423+07:00 DEBUG 34324 --- [SpringRestAPIHasDTODemo] [http-nio-8081-exec-3] o.s.web.servlet.DispatcherServlet        : GET "/api/employees", parameters={}
2025-10-29T20:05:23.425+07:00 DEBUG 34324 --- [SpringRestAPIHasDTODemo] [http-nio-8081-exec-3] s.w.s.m.m.a.RequestMappingHandlerMapping : Mapped to iuh.fit.se.controllers.EmployeeController#getEmployees(String)
2025-10-29T20:05:23.436+07:00 DEBUG 34324 --- [SpringRestAPIHasDTODemo] [http-nio-8081-exec-3] o.s.w.s.m.m.a.HttpEntityMethodProcessor  : Using 'application/json;q=0.8', given [text/html, application/xhtml+xml, image/avif, image/webp, image/apng, application/xml;q=0.9, */*;q=0.8] and supported [application/json, application/*+json]
2025-10-29T20:05:23.437+07:00 DEBUG 34324 --- [SpringRestAPIHasDTODemo] [http-nio-8081-exec-3] o.s.w.s.m.m.a.HttpEntityMethodProcessor  : Writing [{status=200, data=[]}]
2025-10-29T20:05:23.441+07:00 DEBUG 34324 --- [SpringRestAPIHasDTODemo] [http-nio-8081-exec-3] o.s.web.servlet.DispatcherServlet        : Completed 200 OK
2025-10-29T20:08:35.823+07:00  INFO 34324 --- [SpringRestAPIHasDTODemo] [SpringApplicationShutdownHook] j.LocalContainerEntityManagerFactoryBean : Closing JPA EntityManagerFactory for persistence unit 'default'
2025-10-29T20:08:35.827+07:00  INFO 34324 --- [SpringRestAPIHasDTODemo] [SpringApplicationShutdownHook] com.zaxxer.hikari.HikariDataSource       : HikariPool-1 - Shutdown initiated...
2025-10-29T20:08:35.833+07:00  INFO 34324 --- [SpringRestAPIHasDTODemo] [SpringApplicationShutdownHook] com.zaxxer.hikari.HikariDataSource       : HikariPool-1 - Shutdown completed.
2025-10-29T20:08:39.320+07:00  INFO 20296 --- [SpringRestAPIHasDTODemo] [restartedMain] i.f.s.SpringRestApiHasDtoDemoApplication : Starting SpringRestApiHasDtoDemoApplication using Java 23.0.1 with PID 20296 (D:\FINAL ROUND\WWW Java\WWW_Java\DinhQuocKhanh_21096081_WWW_T9\SpringRestAPIHasDTODemo\target\classes started by kioma in D:\FINAL ROUND\WWW Java\WWW_Java\DinhQuocKhanh_21096081_WWW_T9\SpringRestAPIHasDTODemo)
2025-10-29T20:08:39.322+07:00  INFO 20296 --- [SpringRestAPIHasDTODemo] [restartedMain] i.f.s.SpringRestApiHasDtoDemoApplication : No active profile set, falling back to 1 default profile: "default"
2025-10-29T20:08:39.375+07:00  INFO 20296 --- [SpringRestAPIHasDTODemo] [restartedMain] .e.DevToolsPropertyDefaultsPostProcessor : Devtools property defaults active! Set 'spring.devtools.add-properties' to 'false' to disable
2025-10-29T20:08:39.375+07:00  INFO 20296 --- [SpringRestAPIHasDTODemo] [restartedMain] .e.DevToolsPropertyDefaultsPostProcessor : For additional web related logging consider setting the 'logging.level.web' property to 'DEBUG'
2025-10-29T20:08:40.243+07:00  INFO 20296 --- [SpringRestAPIHasDTODemo] [restartedMain] .s.d.r.c.RepositoryConfigurationDelegate : Bootstrapping Spring Data JPA repositories in DEFAULT mode.
2025-10-29T20:08:40.312+07:00  INFO 20296 --- [SpringRestAPIHasDTODemo] [restartedMain] .s.d.r.c.RepositoryConfigurationDelegate : Finished Spring Data repository scanning in 62 ms. Found 2 JPA repository interfaces.
2025-10-29T20:08:40.938+07:00  INFO 20296 --- [SpringRestAPIHasDTODemo] [restartedMain] o.s.b.w.embedded.tomcat.TomcatWebServer  : Tomcat initialized with port 8081 (http)
2025-10-29T20:08:40.954+07:00  INFO 20296 --- [SpringRestAPIHasDTODemo] [restartedMain] o.apache.catalina.core.StandardService   : Starting service [Tomcat]
2025-10-29T20:08:40.955+07:00  INFO 20296 --- [SpringRestAPIHasDTODemo] [restartedMain] o.apache.catalina.core.StandardEngine    : Starting Servlet engine: [Apache Tomcat/10.1.24]
2025-10-29T20:08:41.015+07:00  INFO 20296 --- [SpringRestAPIHasDTODemo] [restartedMain] o.a.c.c.C.[Tomcat].[localhost].[/api]    : Initializing Spring embedded WebApplicationContext
2025-10-29T20:08:41.016+07:00  INFO 20296 --- [SpringRestAPIHasDTODemo] [restartedMain] w.s.c.ServletWebServerApplicationContext : Root WebApplicationContext: initialization completed in 1639 ms
2025-10-29T20:08:41.614+07:00  INFO 20296 --- [SpringRestAPIHasDTODemo] [restartedMain] o.s.o.j.p.SpringPersistenceUnitInfo      : No LoadTimeWeaver setup: ignoring JPA class transformer
2025-10-29T20:08:41.654+07:00  INFO 20296 --- [SpringRestAPIHasDTODemo] [restartedMain] com.zaxxer.hikari.HikariDataSource       : HikariPool-1 - Starting...
2025-10-29T20:08:41.738+07:00  INFO 20296 --- [SpringRestAPIHasDTODemo] [restartedMain] com.zaxxer.hikari.pool.HikariPool        : HikariPool-1 - Added connection org.mariadb.jdbc.Connection@1d007e78
2025-10-29T20:08:41.740+07:00  INFO 20296 --- [SpringRestAPIHasDTODemo] [restartedMain] com.zaxxer.hikari.HikariDataSource       : HikariPool-1 - Start completed.
2025-10-29T20:08:42.949+07:00  INFO 20296 --- [SpringRestAPIHasDTODemo] [restartedMain] j.LocalContainerEntityManagerFactoryBean : Initialized JPA EntityManagerFactory for persistence unit 'default'
2025-10-29T20:08:43.282+07:00  INFO 20296 --- [SpringRestAPIHasDTODemo] [restartedMain] o.s.d.j.r.query.QueryEnhancerFactory     : Hibernate is in classpath; If applicable, HQL parser will be used.
2025-10-29T20:08:43.981+07:00  WARN 20296 --- [SpringRestAPIHasDTODemo] [restartedMain] JpaBaseConfiguration$JpaWebConfiguration : spring.jpa.open-in-view is enabled by default. Therefore, database queries may be performed during view rendering. Explicitly configure spring.jpa.open-in-view to disable this warning
2025-10-29T20:08:44.080+07:00 DEBUG 20296 --- [SpringRestAPIHasDTODemo] [restartedMain] s.w.s.m.m.a.RequestMappingHandlerMapping : 12 mappings in 'requestMappingHandlerMapping'
2025-10-29T20:08:44.235+07:00 DEBUG 20296 --- [SpringRestAPIHasDTODemo] [restartedMain] o.s.w.s.handler.SimpleUrlHandlerMapping  : Patterns [/webjars/**, /**, /swagger-ui*/*swagger-initializer.js, /swagger-ui*/**] in 'resourceHandlerMapping'
2025-10-29T20:08:44.267+07:00 DEBUG 20296 --- [SpringRestAPIHasDTODemo] [restartedMain] s.w.s.m.m.a.RequestMappingHandlerAdapter : ControllerAdvice beans: 0 @ModelAttribute, 0 @InitBinder, 1 RequestBodyAdvice, 1 ResponseBodyAdvice
2025-10-29T20:08:44.296+07:00 DEBUG 20296 --- [SpringRestAPIHasDTODemo] [restartedMain] .m.m.a.ExceptionHandlerExceptionResolver : ControllerAdvice beans: 2 @ExceptionHandler, 1 ResponseBodyAdvice
2025-10-29T20:08:44.491+07:00  INFO 20296 --- [SpringRestAPIHasDTODemo] [restartedMain] o.s.b.d.a.OptionalLiveReloadServer       : LiveReload server is running on port 35729
2025-10-29T20:08:44.560+07:00  INFO 20296 --- [SpringRestAPIHasDTODemo] [restartedMain] o.s.b.w.embedded.tomcat.TomcatWebServer  : Tomcat started on port 8081 (http) with context path '/api'
2025-10-29T20:08:44.582+07:00  INFO 20296 --- [SpringRestAPIHasDTODemo] [restartedMain] i.f.s.SpringRestApiHasDtoDemoApplication : Started SpringRestApiHasDtoDemoApplication in 5.789 seconds (process running for 6.594)
2025-10-29T20:09:30.233+07:00  INFO 20296 --- [SpringRestAPIHasDTODemo] [http-nio-8081-exec-1] o.a.c.c.C.[Tomcat].[localhost].[/api]    : Initializing Spring DispatcherServlet 'dispatcherServlet'
2025-10-29T20:09:30.234+07:00  INFO 20296 --- [SpringRestAPIHasDTODemo] [http-nio-8081-exec-1] o.s.web.servlet.DispatcherServlet        : Initializing Servlet 'dispatcherServlet'
2025-10-29T20:09:30.234+07:00 DEBUG 20296 --- [SpringRestAPIHasDTODemo] [http-nio-8081-exec-1] o.s.web.servlet.DispatcherServlet        : Detected StandardServletMultipartResolver
2025-10-29T20:09:30.234+07:00 DEBUG 20296 --- [SpringRestAPIHasDTODemo] [http-nio-8081-exec-1] o.s.web.servlet.DispatcherServlet        : Detected AcceptHeaderLocaleResolver
2025-10-29T20:09:30.235+07:00 DEBUG 20296 --- [SpringRestAPIHasDTODemo] [http-nio-8081-exec-1] o.s.web.servlet.DispatcherServlet        : Detected FixedThemeResolver
2025-10-29T20:09:30.236+07:00 DEBUG 20296 --- [SpringRestAPIHasDTODemo] [http-nio-8081-exec-1] o.s.web.servlet.DispatcherServlet        : Detected org.springframework.web.servlet.view.DefaultRequestToViewNameTranslator@76bd0b22
2025-10-29T20:09:30.236+07:00 DEBUG 20296 --- [SpringRestAPIHasDTODemo] [http-nio-8081-exec-1] o.s.web.servlet.DispatcherServlet        : Detected org.springframework.web.servlet.support.SessionFlashMapManager@13c085a8
2025-10-29T20:09:30.237+07:00 DEBUG 20296 --- [SpringRestAPIHasDTODemo] [http-nio-8081-exec-1] o.s.web.servlet.DispatcherServlet        : enableLoggingRequestDetails='false': request parameters and headers will be masked to prevent unsafe logging of potentially sensitive data
2025-10-29T20:09:30.237+07:00  INFO 20296 --- [SpringRestAPIHasDTODemo] [http-nio-8081-exec-1] o.s.web.servlet.DispatcherServlet        : Completed initialization in 3 ms
2025-10-29T20:09:30.247+07:00 DEBUG 20296 --- [SpringRestAPIHasDTODemo] [http-nio-8081-exec-1] o.s.web.servlet.DispatcherServlet        : GET "/api/employees", parameters={}
2025-10-29T20:09:30.266+07:00 DEBUG 20296 --- [SpringRestAPIHasDTODemo] [http-nio-8081-exec-1] s.w.s.m.m.a.RequestMappingHandlerMapping : Mapped to iuh.fit.se.controllers.EmployeeController#getEmployees(String)
2025-10-29T20:09:30.420+07:00 DEBUG 20296 --- [SpringRestAPIHasDTODemo] [http-nio-8081-exec-1] o.s.w.s.m.m.a.HttpEntityMethodProcessor  : Using 'application/json;q=0.8', given [text/html, application/xhtml+xml, image/avif, image/webp, image/apng, application/xml;q=0.9, */*;q=0.8] and supported [application/json, application/*+json]
2025-10-29T20:09:30.423+07:00 DEBUG 20296 --- [SpringRestAPIHasDTODemo] [http-nio-8081-exec-1] o.s.w.s.m.m.a.HttpEntityMethodProcessor  : Writing [{status=200, data=[]}]
2025-10-29T20:09:30.444+07:00 DEBUG 20296 --- [SpringRestAPIHasDTODemo] [http-nio-8081-exec-1] o.s.web.servlet.DispatcherServlet        : Completed 200 OK
2025-10-29T20:09:32.589+07:00 DEBUG 20296 --- [SpringRestAPIHasDTODemo] [http-nio-8081-exec-3] o.s.web.servlet.DispatcherServlet        : GET "/api/employees", parameters={}
2025-10-29T20:09:32.589+07:00 DEBUG 20296 --- [SpringRestAPIHasDTODemo] [http-nio-8081-exec-3] s.w.s.m.m.a.RequestMappingHandlerMapping : Mapped to iuh.fit.se.controllers.EmployeeController#getEmployees(String)
2025-10-29T20:09:32.595+07:00 DEBUG 20296 --- [SpringRestAPIHasDTODemo] [http-nio-8081-exec-3] o.s.w.s.m.m.a.HttpEntityMethodProcessor  : Using 'application/json;q=0.8', given [text/html, application/xhtml+xml, image/avif, image/webp, image/apng, application/xml;q=0.9, */*;q=0.8] and supported [application/json, application/*+json]
2025-10-29T20:09:32.595+07:00 DEBUG 20296 --- [SpringRestAPIHasDTODemo] [http-nio-8081-exec-3] o.s.w.s.m.m.a.HttpEntityMethodProcessor  : Writing [{status=200, data=[]}]
2025-10-29T20:09:32.597+07:00 DEBUG 20296 --- [SpringRestAPIHasDTODemo] [http-nio-8081-exec-3] o.s.web.servlet.DispatcherServlet        : Completed 200 OK
2025-10-29T20:10:09.300+07:00 DEBUG 20296 --- [SpringRestAPIHasDTODemo] [http-nio-8081-exec-5] o.s.web.servlet.DispatcherServlet        : GET "/api/employees", parameters={}
2025-10-29T20:10:09.300+07:00 DEBUG 20296 --- [SpringRestAPIHasDTODemo] [http-nio-8081-exec-5] s.w.s.m.m.a.RequestMappingHandlerMapping : Mapped to iuh.fit.se.controllers.EmployeeController#getEmployees(String)
2025-10-29T20:10:09.306+07:00 DEBUG 20296 --- [SpringRestAPIHasDTODemo] [http-nio-8081-exec-5] o.s.w.s.m.m.a.HttpEntityMethodProcessor  : Using 'application/json;q=0.8', given [text/html, application/xhtml+xml, image/avif, image/webp, image/apng, application/xml;q=0.9, */*;q=0.8] and supported [application/json, application/*+json]
2025-10-29T20:10:09.306+07:00 DEBUG 20296 --- [SpringRestAPIHasDTODemo] [http-nio-8081-exec-5] o.s.w.s.m.m.a.HttpEntityMethodProcessor  : Writing [{status=200, data=[]}]
2025-10-29T20:10:09.308+07:00 DEBUG 20296 --- [SpringRestAPIHasDTODemo] [http-nio-8081-exec-5] o.s.web.servlet.DispatcherServlet        : Completed 200 OK
2025-10-29T20:10:22.791+07:00 DEBUG 20296 --- [SpringRestAPIHasDTODemo] [http-nio-8081-exec-8] o.s.web.servlet.DispatcherServlet        : GET "/api/employees", parameters={}
2025-10-29T20:10:22.792+07:00 DEBUG 20296 --- [SpringRestAPIHasDTODemo] [http-nio-8081-exec-8] s.w.s.m.m.a.RequestMappingHandlerMapping : Mapped to iuh.fit.se.controllers.EmployeeController#getEmployees(String)
2025-10-29T20:10:22.798+07:00 DEBUG 20296 --- [SpringRestAPIHasDTODemo] [http-nio-8081-exec-8] o.s.w.s.m.m.a.HttpEntityMethodProcessor  : Using 'application/json;q=0.8', given [text/html, application/xhtml+xml, image/avif, image/webp, image/apng, application/xml;q=0.9, */*;q=0.8] and supported [application/json, application/*+json]
2025-10-29T20:10:22.799+07:00 DEBUG 20296 --- [SpringRestAPIHasDTODemo] [http-nio-8081-exec-8] o.s.w.s.m.m.a.HttpEntityMethodProcessor  : Writing [{status=200, data=[]}]
2025-10-29T20:10:22.799+07:00 DEBUG 20296 --- [SpringRestAPIHasDTODemo] [http-nio-8081-exec-8] o.s.web.servlet.DispatcherServlet        : Completed 200 OK
2025-10-29T20:11:50.475+07:00 DEBUG 20296 --- [SpringRestAPIHasDTODemo] [http-nio-8081-exec-4] o.s.web.servlet.DispatcherServlet        : GET "/api/employees", parameters={}
2025-10-29T20:11:50.477+07:00 DEBUG 20296 --- [SpringRestAPIHasDTODemo] [http-nio-8081-exec-4] s.w.s.m.m.a.RequestMappingHandlerMapping : Mapped to iuh.fit.se.controllers.EmployeeController#getEmployees(String)
2025-10-29T20:11:50.493+07:00 DEBUG 20296 --- [SpringRestAPIHasDTODemo] [http-nio-8081-exec-4] o.s.w.s.m.m.a.HttpEntityMethodProcessor  : Using 'application/json;q=0.8', given [text/html, application/xhtml+xml, image/avif, image/webp, image/apng, application/xml;q=0.9, */*;q=0.8] and supported [application/json, application/*+json]
2025-10-29T20:11:50.495+07:00 DEBUG 20296 --- [SpringRestAPIHasDTODemo] [http-nio-8081-exec-4] o.s.w.s.m.m.a.HttpEntityMethodProcessor  : Writing [{status=200, data=[]}]
2025-10-29T20:11:50.497+07:00 DEBUG 20296 --- [SpringRestAPIHasDTODemo] [http-nio-8081-exec-4] o.s.web.servlet.DispatcherServlet        : Completed 200 OK
2025-10-29T20:11:55.294+07:00 DEBUG 20296 --- [SpringRestAPIHasDTODemo] [http-nio-8081-exec-1] o.s.web.servlet.DispatcherServlet        : GET "/api/employees", parameters={}
2025-10-29T20:11:55.294+07:00 DEBUG 20296 --- [SpringRestAPIHasDTODemo] [http-nio-8081-exec-1] s.w.s.m.m.a.RequestMappingHandlerMapping : Mapped to iuh.fit.se.controllers.EmployeeController#getEmployees(String)
2025-10-29T20:11:55.306+07:00 DEBUG 20296 --- [SpringRestAPIHasDTODemo] [http-nio-8081-exec-1] o.s.w.s.m.m.a.HttpEntityMethodProcessor  : Using 'application/json', given [application/json] and supported [application/json, application/*+json]
2025-10-29T20:11:55.307+07:00 DEBUG 20296 --- [SpringRestAPIHasDTODemo] [http-nio-8081-exec-1] o.s.w.s.m.m.a.HttpEntityMethodProcessor  : Writing [{status=200, data=[]}]
2025-10-29T20:11:55.309+07:00 DEBUG 20296 --- [SpringRestAPIHasDTODemo] [http-nio-8081-exec-1] o.s.web.servlet.DispatcherServlet        : Completed 200 OK
2025-10-29T20:12:16.747+07:00 DEBUG 20296 --- [SpringRestAPIHasDTODemo] [http-nio-8081-exec-3] o.s.web.servlet.DispatcherServlet        : POST "/api/employees", parameters={}
2025-10-29T20:12:16.749+07:00 DEBUG 20296 --- [SpringRestAPIHasDTODemo] [http-nio-8081-exec-3] s.w.s.m.m.a.RequestMappingHandlerMapping : Mapped to iuh.fit.se.controllers.EmployeeController#saveEmployee(Employee)
2025-10-29T20:12:16.913+07:00 DEBUG 20296 --- [SpringRestAPIHasDTODemo] [http-nio-8081-exec-3] m.m.a.RequestResponseBodyMethodProcessor : Read "application/json;charset=UTF-8" to [Employee [id=0, firstName=khanh, lastName=dinh, gender=male, emailAddress=khanhdinh.job@gmail.com, p (truncated)...]
2025-10-29T20:12:17.128+07:00 DEBUG 20296 --- [SpringRestAPIHasDTODemo] [http-nio-8081-exec-3] o.s.w.s.m.m.a.HttpEntityMethodProcessor  : Using 'application/json', given [application/json] and supported [application/json, application/*+json]
2025-10-29T20:12:17.129+07:00 DEBUG 20296 --- [SpringRestAPIHasDTODemo] [http-nio-8081-exec-3] o.s.w.s.m.m.a.HttpEntityMethodProcessor  : Writing [{status=200, data=iuh.fit.se.dtos.EmployeeDTO@7ee7d8da}]
2025-10-29T20:12:17.163+07:00 DEBUG 20296 --- [SpringRestAPIHasDTODemo] [http-nio-8081-exec-3] o.s.web.servlet.DispatcherServlet        : Completed 200 OK
2025-10-29T20:12:17.190+07:00 DEBUG 20296 --- [SpringRestAPIHasDTODemo] [http-nio-8081-exec-2] o.s.web.servlet.DispatcherServlet        : GET "/api/employees", parameters={}
2025-10-29T20:12:17.191+07:00 DEBUG 20296 --- [SpringRestAPIHasDTODemo] [http-nio-8081-exec-2] s.w.s.m.m.a.RequestMappingHandlerMapping : Mapped to iuh.fit.se.controllers.EmployeeController#getEmployees(String)
2025-10-29T20:12:17.208+07:00 DEBUG 20296 --- [SpringRestAPIHasDTODemo] [http-nio-8081-exec-2] o.s.w.s.m.m.a.HttpEntityMethodProcessor  : Using 'application/json', given [application/json] and supported [application/json, application/*+json]
2025-10-29T20:12:17.209+07:00 DEBUG 20296 --- [SpringRestAPIHasDTODemo] [http-nio-8081-exec-2] o.s.w.s.m.m.a.HttpEntityMethodProcessor  : Writing [{status=200, data=[iuh.fit.se.dtos.EmployeeDTO@1cd884b0]}]
2025-10-29T20:12:17.215+07:00 DEBUG 20296 --- [SpringRestAPIHasDTODemo] [http-nio-8081-exec-2] o.s.web.servlet.DispatcherServlet        : Completed 200 OK
2025-10-29T20:12:31.953+07:00 DEBUG 20296 --- [SpringRestAPIHasDTODemo] [http-nio-8081-exec-9] o.s.web.servlet.DispatcherServlet        : GET "/api/employees/1", parameters={}
2025-10-29T20:12:31.954+07:00 DEBUG 20296 --- [SpringRestAPIHasDTODemo] [http-nio-8081-exec-9] s.w.s.m.m.a.RequestMappingHandlerMapping : Mapped to iuh.fit.se.controllers.EmployeeController#getEmployeeById(int)
2025-10-29T20:12:32.017+07:00 DEBUG 20296 --- [SpringRestAPIHasDTODemo] [http-nio-8081-exec-9] o.s.w.s.m.m.a.HttpEntityMethodProcessor  : Using 'application/json', given [application/json] and supported [application/json, application/*+json]
2025-10-29T20:12:32.018+07:00 DEBUG 20296 --- [SpringRestAPIHasDTODemo] [http-nio-8081-exec-9] o.s.w.s.m.m.a.HttpEntityMethodProcessor  : Writing [{status=200, data=iuh.fit.se.dtos.EmployeeDTO@66ec74af}]
2025-10-29T20:12:32.020+07:00 DEBUG 20296 --- [SpringRestAPIHasDTODemo] [http-nio-8081-exec-9] o.s.web.servlet.DispatcherServlet        : Completed 200 OK
2025-10-29T20:13:11.792+07:00 DEBUG 20296 --- [SpringRestAPIHasDTODemo] [http-nio-8081-exec-6] o.s.web.servlet.DispatcherServlet        : DELETE "/api/employees/1", parameters={}
2025-10-29T20:13:11.794+07:00 DEBUG 20296 --- [SpringRestAPIHasDTODemo] [http-nio-8081-exec-6] s.w.s.m.m.a.RequestMappingHandlerMapping : Mapped to iuh.fit.se.controllers.EmployeeController#deleteEmployee(int)
2025-10-29T20:13:11.850+07:00 DEBUG 20296 --- [SpringRestAPIHasDTODemo] [http-nio-8081-exec-6] o.s.w.s.m.m.a.HttpEntityMethodProcessor  : Using 'application/json', given [application/json] and supported [application/json, application/*+json]
2025-10-29T20:13:11.851+07:00 DEBUG 20296 --- [SpringRestAPIHasDTODemo] [http-nio-8081-exec-6] o.s.w.s.m.m.a.HttpEntityMethodProcessor  : Writing [{status=200, data=true}]
2025-10-29T20:13:11.854+07:00 DEBUG 20296 --- [SpringRestAPIHasDTODemo] [http-nio-8081-exec-6] o.s.web.servlet.DispatcherServlet        : Completed 200 OK
2025-10-29T20:13:11.878+07:00 DEBUG 20296 --- [SpringRestAPIHasDTODemo] [http-nio-8081-exec-7] o.s.web.servlet.DispatcherServlet        : GET "/api/employees", parameters={}
2025-10-29T20:13:11.878+07:00 DEBUG 20296 --- [SpringRestAPIHasDTODemo] [http-nio-8081-exec-7] s.w.s.m.m.a.RequestMappingHandlerMapping : Mapped to iuh.fit.se.controllers.EmployeeController#getEmployees(String)
2025-10-29T20:13:11.885+07:00 DEBUG 20296 --- [SpringRestAPIHasDTODemo] [http-nio-8081-exec-7] o.s.w.s.m.m.a.HttpEntityMethodProcessor  : Using 'application/json', given [application/json] and supported [application/json, application/*+json]
2025-10-29T20:13:11.885+07:00 DEBUG 20296 --- [SpringRestAPIHasDTODemo] [http-nio-8081-exec-7] o.s.w.s.m.m.a.HttpEntityMethodProcessor  : Writing [{status=200, data=[]}]
2025-10-29T20:13:11.887+07:00 DEBUG 20296 --- [SpringRestAPIHasDTODemo] [http-nio-8081-exec-7] o.s.web.servlet.DispatcherServlet        : Completed 200 OK
